V3 3
FL "C:/Users/Matze/Amiga/Hardwarehacks/HArms Professional 030 -RAM/GitHub/Logic/RAm-Ctrl-V3.0-A1k-TK/RAM-Ctrl.vhd" 2015/01/12.23:09:51 P.68d
EN work/RAMCtrl 1475942183 \
      FL "C:/Users/Matze/Amiga/Hardwarehacks/HArms Professional 030 -RAM/GitHub/Logic/RAm-Ctrl-V3.0-A1k-TK/RAM-Ctrl.vhd" \
      PB ieee/std_logic_1164 1370735607 PB ieee/NUMERIC_STD 1370735611
AR work/RAMCtrl/Behavioral 1475942184 \
      FL "C:/Users/Matze/Amiga/Hardwarehacks/HArms Professional 030 -RAM/GitHub/Logic/RAm-Ctrl-V3.0-A1k-TK/RAM-Ctrl.vhd" \
      EN work/RAMCtrl 1475942183
