V3 4
FL "C:/Users/Matze/Amiga/Hardwarehacks/HArms Professional 030 -RAM/RAm-Ctrl-V2.0/RAM-Ctrl.vhd" 2014/05/16.17:01:48 P.68d
FL "C:/Users/Matze/Amiga/Hardwarehacks/HArms Professional 030 -RAM/RAm-Ctrl-V3.0/RAM-Ctrl.vhd" 2014/05/17.20:40:45 P.68d
EN work/RAMCtrl 1400352050 \
      FL "C:/Users/Matze/Amiga/Hardwarehacks/HArms Professional 030 -RAM/RAm-Ctrl-V3.0/RAM-Ctrl.vhd" \
      PB ieee/std_logic_1164 1370735607 PB ieee/NUMERIC_STD 1370735611
AR work/RAMCtrl/Behavioral 1400352051 \
      FL "C:/Users/Matze/Amiga/Hardwarehacks/HArms Professional 030 -RAM/RAm-Ctrl-V3.0/RAM-Ctrl.vhd" \
      EN work/RAMCtrl 1400352050
