V3 3
FL C:/Users/Matze/Documents/GitHub/68030tk-SRAM_IDE-interface/Logic/RAm-Ctrl-V4.0-A1k-TK/RAM-Ctrl.vhd 2015/05/08.21:28:59 P.68d
EN work/RAMCtrl 1431113343 \
      FL C:/Users/Matze/Documents/GitHub/68030tk-SRAM_IDE-interface/Logic/RAm-Ctrl-V4.0-A1k-TK/RAM-Ctrl.vhd \
      PB ieee/std_logic_1164 1370735607 PB ieee/NUMERIC_STD 1370735611
AR work/RAMCtrl/Behavioral 1431113344 \
      FL C:/Users/Matze/Documents/GitHub/68030tk-SRAM_IDE-interface/Logic/RAm-Ctrl-V4.0-A1k-TK/RAM-Ctrl.vhd \
      EN work/RAMCtrl 1431113343
