V3 3
FL C:/Users/Matze/Documents/GitHub/68030tk-SRAM_IDE-interface/Logic/RAm-Ctrl-V4.0-A1k-TK/RAM-Ctrl.vhd 2015/11/29.15:15:03 P.68d
EN work/RAMCtrl 1448806510 \
      FL C:/Users/Matze/Documents/GitHub/68030tk-SRAM_IDE-interface/Logic/RAm-Ctrl-V4.0-A1k-TK/RAM-Ctrl.vhd \
      PB ieee/std_logic_1164 1370735607 PB ieee/std_logic_arith 1370735608 \
      PB ieee/STD_LOGIC_UNSIGNED 1370735609 PB ieee/NUMERIC_STD 1370735611
AR work/RAMCtrl/Behavioral 1448806511 \
      FL C:/Users/Matze/Documents/GitHub/68030tk-SRAM_IDE-interface/Logic/RAm-Ctrl-V4.0-A1k-TK/RAM-Ctrl.vhd \
      EN work/RAMCtrl 1448806510
